STM32f103xx_lcd_driver.c:33:6:LCD_Init	24	static
STM32f103xx_lcd_driver.c:138:6:LCD_Clear	8	static
STM32f103xx_lcd_driver.c:157:6:LCD_SetCursor	16	static
STM32f103xx_lcd_driver.c:211:13:LCD_Write	16	static
STM32f103xx_lcd_driver.c:276:13:LCD_En_Pulse	8	static
STM32f103xx_lcd_driver.c:288:6:LCD_WriteChar	16	static
STM32f103xx_lcd_driver.c:293:6:LCD_WriteString	16	static
STM32f103xx_lcd_driver.c:302:6:LCD_WriteInteger	24	static
STM32f103xx_lcd_driver.c:348:6:delay_ms	24	static,ignoring_inline_asm
STM32f103xx_lcd_driver.c:357:6:delay_us	24	static,ignoring_inline_asm
