STM32f103xx_lcd_driver.c:33:6:LCD_Init	24	static
STM32f103xx_lcd_driver.c:150:6:LCD_Display_Scroll	16	static
STM32f103xx_lcd_driver.c:170:6:LCD__Cursor_Shift	16	static
STM32f103xx_lcd_driver.c:191:6:LCD_Clear	8	static
STM32f103xx_lcd_driver.c:211:6:LCD_SetCursor	16	static
STM32f103xx_lcd_driver.c:265:13:LCD_Write	16	static
STM32f103xx_lcd_driver.c:330:13:LCD_En_Pulse	8	static
STM32f103xx_lcd_driver.c:349:6:LCD_WriteChar	16	static
STM32f103xx_lcd_driver.c:361:6:LCD_WriteString	16	static
STM32f103xx_lcd_driver.c:377:6:LCD_WriteInteger	24	static
STM32f103xx_lcd_driver.c:431:6:delay_ms	24	static,ignoring_inline_asm
STM32f103xx_lcd_driver.c:446:6:delay_us	24	static,ignoring_inline_asm
